2026-01-29 13:58:54,126 - DataFetcher - INFO - 数据库连接创建成功
2026-01-29 13:58:54,126 - DataFetcher - INFO - 从本地读取交易日历数据...
2026-01-29 13:58:54,233 - DataFetcher - INFO - 成功读取本地交易日历数据，日期范围: 1990-12-19 00:00:00 - 2027-12-31 00:00:00
2026-01-29 13:58:54,250 - DataFetcher - INFO - 筛选后的交易日历数据范围: 2020-12-28 00:00:00 - 2026-12-31 00:00:00
2026-01-29 13:58:54,250 - DataFetcher - INFO - 交易日数量: 1458
2026-01-29 14:39:36,614 - DataFetcher - INFO - 数据库连接创建成功
2026-01-29 14:39:36,616 - DataFetcher - INFO - 从本地读取交易日历数据...
2026-01-29 14:39:36,722 - DataFetcher - INFO - 成功读取本地交易日历数据，日期范围: 1990-12-19 00:00:00 - 2027-12-31 00:00:00
2026-01-29 14:39:36,740 - DataFetcher - INFO - 筛选后的交易日历数据范围: 2020-12-28 00:00:00 - 2026-12-31 00:00:00
2026-01-29 14:39:36,740 - DataFetcher - INFO - 交易日数量: 1458
2026-01-29 14:45:08,203 - DataFetcher - INFO - 数据库连接创建成功
2026-01-29 14:45:08,203 - DataFetcher - INFO - 从本地读取交易日历数据...
2026-01-29 14:45:08,308 - DataFetcher - INFO - 成功读取本地交易日历数据，日期范围: 1990-12-19 00:00:00 - 2027-12-31 00:00:00
2026-01-29 14:45:08,324 - DataFetcher - INFO - 筛选后的交易日历数据范围: 2020-12-28 00:00:00 - 2026-12-31 00:00:00
2026-01-29 14:45:08,324 - DataFetcher - INFO - 交易日数量: 1458
2026-01-29 14:47:03,029 - DataFetcher - INFO - 数据库连接创建成功
2026-01-29 14:47:03,030 - DataFetcher - INFO - 从数据库获取交易日历数据...
2026-01-29 14:47:04,457 - DataFetcher - INFO - SQL fetched 196,875 rows in 1.43s (first 1.42s, chunks=1)
2026-01-29 14:47:04,631 - DataFetcher - INFO - 完整交易日历数据已保存到: ./data/prod_data\trade_cal.csv
2026-01-29 14:47:04,649 - DataFetcher - INFO - 筛选后的交易日历数据范围: 2020-12-28 00:00:00 - 2026-12-31 00:00:00
2026-01-29 14:47:04,649 - DataFetcher - INFO - 交易日数量: 1458
2026-01-29 14:48:23,952 - DataFetcher - INFO - 数据库连接创建成功
2026-01-29 14:48:23,952 - DataFetcher - INFO - 从本地读取交易日历数据...
2026-01-29 14:48:24,058 - DataFetcher - INFO - 成功读取本地交易日历数据，日期范围: 1990-12-19 00:00:00 - 2027-12-31 00:00:00
2026-01-29 14:48:24,073 - DataFetcher - INFO - 筛选后的交易日历数据范围: 2020-12-28 00:00:00 - 2026-12-31 00:00:00
2026-01-29 14:48:24,074 - DataFetcher - INFO - 交易日数量: 1458
2026-01-29 14:49:25,918 - DataFetcher - INFO - 数据库连接创建成功
2026-01-29 14:49:25,919 - DataFetcher - INFO - 从数据库获取交易日历数据...
2026-01-29 14:49:27,357 - DataFetcher - INFO - SQL fetched 196,875 rows in 1.44s (first 1.43s, chunks=1)
2026-01-29 14:49:27,531 - DataFetcher - INFO - 完整交易日历数据已保存到: ./data/prod_data\trade_cal.csv
2026-01-29 14:49:27,549 - DataFetcher - INFO - 筛选后的交易日历数据范围: 2020-12-28 00:00:00 - 2026-12-31 00:00:00
2026-01-29 14:49:27,549 - DataFetcher - INFO - 交易日数量: 1458
2026-01-29 14:55:41,223 - DataFetcher - INFO - 数据库连接创建成功
2026-01-29 14:55:41,223 - DataFetcher - INFO - 从数据库获取交易日历数据...
2026-01-29 14:55:42,648 - DataFetcher - INFO - SQL fetched 196,875 rows in 1.42s (first 1.42s, chunks=1)
2026-01-29 14:55:42,821 - DataFetcher - INFO - 完整交易日历数据已保存到: ./data/prod_data\trade_cal.csv
2026-01-29 14:55:42,840 - DataFetcher - INFO - 筛选后的交易日历数据范围: 2020-12-28 00:00:00 - 2026-12-31 00:00:00
2026-01-29 14:55:42,840 - DataFetcher - INFO - 交易日数量: 1458
2026-01-29 15:05:18,648 - DataFetcher - INFO - 数据库连接创建成功
2026-01-29 15:05:18,648 - DataFetcher - INFO - 从数据库获取交易日历数据...
2026-01-29 15:05:20,077 - DataFetcher - INFO - SQL fetched 196,875 rows in 1.43s (first 1.42s, chunks=1)
2026-01-29 15:05:20,249 - DataFetcher - INFO - 完整交易日历数据已保存到: ./data/realtime_data\trade_cal.csv
2026-01-29 15:05:20,267 - DataFetcher - INFO - 筛选后的交易日历数据范围: 2020-12-28 00:00:00 - 2026-12-31 00:00:00
2026-01-29 15:05:20,268 - DataFetcher - INFO - 交易日数量: 1458
2026-01-29 15:05:46,287 - DataFetcher - INFO - 数据库连接创建成功
2026-01-29 15:05:46,288 - DataFetcher - INFO - 从数据库获取交易日历数据...
2026-01-29 15:05:47,714 - DataFetcher - INFO - SQL fetched 196,875 rows in 1.43s (first 1.42s, chunks=1)
2026-01-29 15:05:47,893 - DataFetcher - INFO - 完整交易日历数据已保存到: /data/simulation_data\trade_cal.csv
2026-01-29 15:05:47,912 - DataFetcher - INFO - 筛选后的交易日历数据范围: 2020-12-28 00:00:00 - 2026-12-31 00:00:00
2026-01-29 15:05:47,913 - DataFetcher - INFO - 交易日数量: 1458
2026-01-29 15:06:49,955 - DataFetcher - INFO - 数据库连接创建成功
2026-01-29 15:06:49,956 - DataFetcher - INFO - 从数据库获取交易日历数据...
2026-01-29 15:06:51,418 - DataFetcher - INFO - SQL fetched 196,875 rows in 1.46s (first 1.45s, chunks=1)
2026-01-29 15:06:51,595 - DataFetcher - INFO - 完整交易日历数据已保存到: ./data/simulation_data\trade_cal.csv
2026-01-29 15:06:51,614 - DataFetcher - INFO - 筛选后的交易日历数据范围: 2020-12-28 00:00:00 - 2026-12-31 00:00:00
2026-01-29 15:06:51,615 - DataFetcher - INFO - 交易日数量: 1458
2026-01-29 17:33:41,752 - DataFetcher - INFO - 数据库连接创建成功
2026-01-29 17:33:41,753 - DataFetcher - INFO - 从本地读取交易日历数据...
2026-01-29 17:33:41,874 - DataFetcher - INFO - 成功读取本地交易日历数据，日期范围: 1990-12-19 00:00:00 - 2027-12-31 00:00:00
2026-01-29 17:33:41,890 - DataFetcher - INFO - 筛选后的交易日历数据范围: 2020-12-28 00:00:00 - 2026-12-31 00:00:00
2026-01-29 17:33:41,890 - DataFetcher - INFO - 交易日数量: 1458
2026-01-29 17:34:19,427 - DataFetcher - INFO - 数据库连接创建成功
2026-01-29 17:34:19,427 - DataFetcher - INFO - 从本地读取交易日历数据...
2026-01-29 17:34:19,532 - DataFetcher - INFO - 成功读取本地交易日历数据，日期范围: 1990-12-19 00:00:00 - 2027-12-31 00:00:00
2026-01-29 17:34:19,548 - DataFetcher - INFO - 筛选后的交易日历数据范围: 2020-12-28 00:00:00 - 2026-12-31 00:00:00
2026-01-29 17:34:19,548 - DataFetcher - INFO - 交易日数量: 1458
2026-01-29 17:47:10,950 - DataFetcher - INFO - 数据库连接创建成功
2026-01-29 17:47:10,950 - DataFetcher - INFO - 从本地读取交易日历数据...
2026-01-29 17:47:11,068 - DataFetcher - INFO - 成功读取本地交易日历数据，日期范围: 1990-12-19 00:00:00 - 2027-12-31 00:00:00
2026-01-29 17:47:11,084 - DataFetcher - INFO - 筛选后的交易日历数据范围: 2020-12-28 00:00:00 - 2026-12-31 00:00:00
2026-01-29 17:47:11,085 - DataFetcher - INFO - 交易日数量: 1458
2026-01-30 15:47:00,629 - DataFetcher - INFO - 数据库连接创建成功
2026-01-30 15:47:00,630 - DataFetcher - INFO - 从本地读取交易日历数据...
2026-01-30 15:47:00,748 - DataFetcher - INFO - 成功读取本地交易日历数据，日期范围: 1990-12-19 00:00:00 - 2027-12-31 00:00:00
2026-01-30 15:47:00,764 - DataFetcher - INFO - 筛选后的交易日历数据范围: 2020-12-28 00:00:00 - 2026-12-31 00:00:00
2026-01-30 15:47:00,764 - DataFetcher - INFO - 交易日数量: 1458
2026-01-30 15:47:27,967 - DataFetcher - INFO - 数据库连接创建成功
2026-01-30 15:47:27,967 - DataFetcher - INFO - 从本地读取交易日历数据...
2026-01-30 15:47:28,070 - DataFetcher - INFO - 成功读取本地交易日历数据，日期范围: 1990-12-19 00:00:00 - 2027-12-31 00:00:00
2026-01-30 15:47:28,085 - DataFetcher - INFO - 筛选后的交易日历数据范围: 2020-12-28 00:00:00 - 2026-12-31 00:00:00
2026-01-30 15:47:28,086 - DataFetcher - INFO - 交易日数量: 1458
2026-01-30 15:56:36,696 - DataFetcher - INFO - 数据库连接创建成功
2026-01-30 15:56:36,698 - DataFetcher - INFO - 从本地读取交易日历数据...
2026-01-30 15:56:36,815 - DataFetcher - INFO - 成功读取本地交易日历数据，日期范围: 1990-12-19 00:00:00 - 2027-12-31 00:00:00
2026-01-30 15:56:36,830 - DataFetcher - INFO - 筛选后的交易日历数据范围: 2020-12-28 00:00:00 - 2026-12-31 00:00:00
2026-01-30 15:56:36,830 - DataFetcher - INFO - 交易日数量: 1458
2026-02-02 16:38:10,452 - DataFetcher - INFO - 数据库连接创建成功
2026-02-02 16:38:10,454 - DataFetcher - INFO - 从本地读取交易日历数据...
2026-02-02 16:38:10,576 - DataFetcher - INFO - 成功读取本地交易日历数据，日期范围: 1990-12-19 00:00:00 - 2027-12-31 00:00:00
2026-02-02 16:38:10,592 - DataFetcher - INFO - 筛选后的交易日历数据范围: 2020-12-28 00:00:00 - 2026-12-31 00:00:00
2026-02-02 16:38:10,592 - DataFetcher - INFO - 交易日数量: 1458
2026-02-02 16:46:00,531 - DataFetcher - INFO - 数据库连接创建成功
2026-02-02 16:46:00,532 - DataFetcher - INFO - 从本地读取交易日历数据...
2026-02-02 16:46:00,647 - DataFetcher - INFO - 成功读取本地交易日历数据，日期范围: 1990-12-19 00:00:00 - 2027-12-31 00:00:00
2026-02-02 16:46:00,664 - DataFetcher - INFO - 筛选后的交易日历数据范围: 2020-12-28 00:00:00 - 2026-12-31 00:00:00
2026-02-02 16:46:00,664 - DataFetcher - INFO - 交易日数量: 1458
2026-02-02 16:46:21,984 - DataFetcher - INFO - 数据库连接创建成功
2026-02-02 16:46:21,985 - DataFetcher - INFO - 从本地读取交易日历数据...
2026-02-02 16:46:22,093 - DataFetcher - INFO - 成功读取本地交易日历数据，日期范围: 1990-12-19 00:00:00 - 2027-12-31 00:00:00
2026-02-02 16:46:22,108 - DataFetcher - INFO - 筛选后的交易日历数据范围: 2020-12-28 00:00:00 - 2026-12-31 00:00:00
2026-02-02 16:46:22,108 - DataFetcher - INFO - 交易日数量: 1458
2026-02-02 17:41:26,310 - DataFetcher - INFO - 数据库连接创建成功
2026-02-02 17:41:26,310 - DataFetcher - INFO - 从数据库获取交易日历数据...
2026-02-02 17:41:27,830 - DataFetcher - INFO - SQL fetched 198,701 rows in 1.52s (first 1.51s, chunks=1)
2026-02-02 17:41:28,009 - DataFetcher - INFO - 完整交易日历数据已保存到: ./data/caprot_data\trade_cal.csv
2026-02-02 17:41:28,027 - DataFetcher - INFO - 筛选后的交易日历数据范围: 2020-12-28 00:00:00 - 2026-12-31 00:00:00
2026-02-02 17:41:28,027 - DataFetcher - INFO - 交易日数量: 1458
2026-02-03 09:47:54,233 - DataFetcher - INFO - 数据库连接创建成功
2026-02-03 09:47:54,234 - DataFetcher - INFO - 从本地读取交易日历数据...
2026-02-03 09:47:54,347 - DataFetcher - INFO - 成功读取本地交易日历数据，日期范围: 1990-12-19 00:00:00 - 2027-12-31 00:00:00
2026-02-03 09:47:54,364 - DataFetcher - INFO - 筛选后的交易日历数据范围: 2020-12-28 00:00:00 - 2026-12-31 00:00:00
2026-02-03 09:47:54,364 - DataFetcher - INFO - 交易日数量: 1458
2026-02-03 17:38:04,836 - DataFetcher - INFO - 数据库连接创建成功
2026-02-03 17:38:04,836 - DataFetcher - INFO - 从本地读取交易日历数据...
2026-02-03 17:38:04,958 - DataFetcher - INFO - 成功读取本地交易日历数据，日期范围: 1990-12-19 00:00:00 - 2027-12-31 00:00:00
2026-02-03 17:38:04,975 - DataFetcher - INFO - 筛选后的交易日历数据范围: 2020-12-28 00:00:00 - 2026-12-31 00:00:00
2026-02-03 17:38:04,975 - DataFetcher - INFO - 交易日数量: 1458
2026-02-04 09:13:51,659 - DataFetcher - INFO - 数据库连接创建成功
2026-02-04 09:13:51,660 - DataFetcher - INFO - 从本地读取交易日历数据...
2026-02-04 09:13:51,787 - DataFetcher - INFO - 成功读取本地交易日历数据，日期范围: 1990-12-19 00:00:00 - 2027-12-31 00:00:00
2026-02-04 09:13:51,807 - DataFetcher - INFO - 筛选后的交易日历数据范围: 2020-12-28 00:00:00 - 2026-12-31 00:00:00
2026-02-04 09:13:51,807 - DataFetcher - INFO - 交易日数量: 1458
2026-02-04 15:35:19,242 - DataFetcher - INFO - 数据库连接创建成功
2026-02-04 15:35:19,243 - DataFetcher - INFO - 从本地读取交易日历数据...
2026-02-04 15:35:19,359 - DataFetcher - INFO - 成功读取本地交易日历数据，日期范围: 1990-12-19 00:00:00 - 2027-12-31 00:00:00
2026-02-04 15:35:19,376 - DataFetcher - INFO - 筛选后的交易日历数据范围: 2020-12-28 00:00:00 - 2026-12-31 00:00:00
2026-02-04 15:35:19,376 - DataFetcher - INFO - 交易日数量: 1458
2026-02-05 15:19:15,753 - DataFetcher - INFO - 数据库连接创建成功
2026-02-05 15:19:15,753 - DataFetcher - INFO - 从本地读取交易日历数据...
2026-02-05 15:19:15,873 - DataFetcher - INFO - 成功读取本地交易日历数据，日期范围: 1990-12-19 00:00:00 - 2027-12-31 00:00:00
2026-02-05 15:19:15,889 - DataFetcher - INFO - 筛选后的交易日历数据范围: 2020-12-28 00:00:00 - 2026-12-31 00:00:00
2026-02-05 15:19:15,890 - DataFetcher - INFO - 交易日数量: 1458
2026-02-05 15:29:56,320 - DataFetcher - INFO - 数据库连接创建成功
2026-02-05 15:29:56,320 - DataFetcher - INFO - 从本地读取交易日历数据...
2026-02-05 15:29:56,437 - DataFetcher - INFO - 成功读取本地交易日历数据，日期范围: 1990-12-19 00:00:00 - 2027-12-31 00:00:00
2026-02-05 15:29:56,449 - DataFetcher - INFO - 筛选后的交易日历数据范围: 2020-12-28 00:00:00 - 2026-12-31 00:00:00
2026-02-05 15:29:56,449 - DataFetcher - INFO - 交易日数量: 1458
2026-02-05 16:59:18,099 - DataFetcher - INFO - 数据库连接创建成功
2026-02-05 16:59:18,099 - DataFetcher - INFO - 从本地读取交易日历数据...
2026-02-05 16:59:18,210 - DataFetcher - INFO - 成功读取本地交易日历数据，日期范围: 1990-12-19 00:00:00 - 2027-12-31 00:00:00
2026-02-05 16:59:18,225 - DataFetcher - INFO - 筛选后的交易日历数据范围: 2020-12-28 00:00:00 - 2026-12-31 00:00:00
2026-02-05 16:59:18,225 - DataFetcher - INFO - 交易日数量: 1458
2026-02-09 08:56:44,594 - DataFetcher - INFO - 数据库连接创建成功
2026-02-09 08:56:44,594 - DataFetcher - INFO - 从本地读取交易日历数据...
2026-02-09 08:56:44,710 - DataFetcher - INFO - 成功读取本地交易日历数据，日期范围: 1990-12-19 00:00:00 - 2027-12-31 00:00:00
2026-02-09 08:56:44,731 - DataFetcher - INFO - 筛选后的交易日历数据范围: 2020-12-28 00:00:00 - 2026-12-31 00:00:00
2026-02-09 08:56:44,732 - DataFetcher - INFO - 交易日数量: 1458
2026-02-09 09:02:04,034 - DataFetcher - INFO - 数据库连接创建成功
2026-02-09 09:02:04,036 - DataFetcher - INFO - 从本地读取交易日历数据...
2026-02-09 09:02:04,161 - DataFetcher - INFO - 成功读取本地交易日历数据，日期范围: 1990-12-19 00:00:00 - 2027-12-31 00:00:00
2026-02-09 09:02:04,180 - DataFetcher - INFO - 筛选后的交易日历数据范围: 2020-12-28 00:00:00 - 2026-12-31 00:00:00
2026-02-09 09:02:04,180 - DataFetcher - INFO - 交易日数量: 1458
2026-02-09 16:59:47,465 - DataFetcher - INFO - 数据库连接创建成功
2026-02-09 16:59:47,466 - DataFetcher - INFO - 从本地读取交易日历数据...
2026-02-09 16:59:47,583 - DataFetcher - INFO - 成功读取本地交易日历数据，日期范围: 1990-12-19 00:00:00 - 2027-12-31 00:00:00
2026-02-09 16:59:47,602 - DataFetcher - INFO - 筛选后的交易日历数据范围: 2020-12-28 00:00:00 - 2026-12-31 00:00:00
2026-02-09 16:59:47,602 - DataFetcher - INFO - 交易日数量: 1458
2026-02-09 17:06:11,508 - DataFetcher - INFO - 数据库连接创建成功
2026-02-09 17:06:11,509 - DataFetcher - INFO - 从本地读取交易日历数据...
2026-02-09 17:06:11,625 - DataFetcher - INFO - 成功读取本地交易日历数据，日期范围: 1990-12-19 00:00:00 - 2027-12-31 00:00:00
2026-02-09 17:06:11,640 - DataFetcher - INFO - 筛选后的交易日历数据范围: 2020-12-28 00:00:00 - 2026-12-31 00:00:00
2026-02-09 17:06:11,641 - DataFetcher - INFO - 交易日数量: 1458
2026-02-10 15:06:25,054 - DataFetcher - INFO - 数据库连接创建成功
2026-02-10 15:06:25,055 - DataFetcher - INFO - 开始下载表: NI_News
2026-02-10 15:06:25,077 - DataFetcher - WARNING - 以下字段在表 NI_News 中不存在: ['ID', 'InfoPublDate', 'Category', 'InfoTitle']
2026-02-10 15:06:25,077 - DataFetcher - INFO - 执行查询: SELECT  FROM NI_News WHERE TRADE_DATE >= %s AND TRADE_DATE <= %s
2026-02-10 15:06:25,161 - DataFetcher - ERROR - 下载表 NI_News 失败: Execution failed on sql 'SELECT  FROM NI_News WHERE TRADE_DATE >= %s AND TRADE_DATE <= %s': (pymysql.err.ProgrammingError) (1064, "You have an error in your SQL syntax; check the manual that corresponds to your MySQL server version for the right syntax to use near 'FROM NI_News WHERE TRADE_DATE >= '20240101' AND TRADE_DATE <= '20241231'' at line 1")
[SQL: SELECT  FROM NI_News WHERE TRADE_DATE >= %s AND TRADE_DATE <= %s]
[parameters: ('20240101', '20241231')]
(Background on this error at: https://sqlalche.me/e/20/f405)
Traceback (most recent call last):
  File "C:\Users\given.liang\.conda\envs\quant\Lib\site-packages\sqlalchemy\engine\base.py", line 1967, in _exec_single_context
    self.dialect.do_execute(
  File "C:\Users\given.liang\.conda\envs\quant\Lib\site-packages\sqlalchemy\engine\default.py", line 952, in do_execute
    cursor.execute(statement, parameters)
  File "C:\Users\given.liang\.conda\envs\quant\Lib\site-packages\pymysql\cursors.py", line 153, in execute
    result = self._query(query)
             ^^^^^^^^^^^^^^^^^^
  File "C:\Users\given.liang\.conda\envs\quant\Lib\site-packages\pymysql\cursors.py", line 447, in _query
    conn.query(q, unbuffered=True)
  File "C:\Users\given.liang\.conda\envs\quant\Lib\site-packages\pymysql\connections.py", line 575, in query
    self._affected_rows = self._read_query_result(unbuffered=unbuffered)
                          ^^^^^^^^^^^^^^^^^^^^^^^^^^^^^^^^^^^^^^^^^^^^^^
  File "C:\Users\given.liang\.conda\envs\quant\Lib\site-packages\pymysql\connections.py", line 824, in _read_query_result
    result.init_unbuffered_query()
  File "C:\Users\given.liang\.conda\envs\quant\Lib\site-packages\pymysql\connections.py", line 1219, in init_unbuffered_query
    first_packet = self.connection._read_packet()
                   ^^^^^^^^^^^^^^^^^^^^^^^^^^^^^^
  File "C:\Users\given.liang\.conda\envs\quant\Lib\site-packages\pymysql\connections.py", line 782, in _read_packet
    packet.raise_for_error()
  File "C:\Users\given.liang\.conda\envs\quant\Lib\site-packages\pymysql\protocol.py", line 219, in raise_for_error
    err.raise_mysql_exception(self._data)
  File "C:\Users\given.liang\.conda\envs\quant\Lib\site-packages\pymysql\err.py", line 150, in raise_mysql_exception
    raise errorclass(errno, errval)
pymysql.err.ProgrammingError: (1064, "You have an error in your SQL syntax; check the manual that corresponds to your MySQL server version for the right syntax to use near 'FROM NI_News WHERE TRADE_DATE >= '20240101' AND TRADE_DATE <= '20241231'' at line 1")

The above exception was the direct cause of the following exception:

Traceback (most recent call last):
  File "C:\Users\given.liang\.conda\envs\quant\Lib\site-packages\pandas\io\sql.py", line 1679, in execute
    return execute_function(sql, *args)
           ^^^^^^^^^^^^^^^^^^^^^^^^^^^^
  File "C:\Users\given.liang\.conda\envs\quant\Lib\site-packages\sqlalchemy\engine\base.py", line 1779, in exec_driver_sql
    ret = self._execute_context(
          ^^^^^^^^^^^^^^^^^^^^^^
  File "C:\Users\given.liang\.conda\envs\quant\Lib\site-packages\sqlalchemy\engine\base.py", line 1846, in _execute_context
    return self._exec_single_context(
           ^^^^^^^^^^^^^^^^^^^^^^^^^^
  File "C:\Users\given.liang\.conda\envs\quant\Lib\site-packages\sqlalchemy\engine\base.py", line 1986, in _exec_single_context
    self._handle_dbapi_exception(
  File "C:\Users\given.liang\.conda\envs\quant\Lib\site-packages\sqlalchemy\engine\base.py", line 2363, in _handle_dbapi_exception
    raise sqlalchemy_exception.with_traceback(exc_info[2]) from e
  File "C:\Users\given.liang\.conda\envs\quant\Lib\site-packages\sqlalchemy\engine\base.py", line 1967, in _exec_single_context
    self.dialect.do_execute(
  File "C:\Users\given.liang\.conda\envs\quant\Lib\site-packages\sqlalchemy\engine\default.py", line 952, in do_execute
    cursor.execute(statement, parameters)
  File "C:\Users\given.liang\.conda\envs\quant\Lib\site-packages\pymysql\cursors.py", line 153, in execute
    result = self._query(query)
             ^^^^^^^^^^^^^^^^^^
  File "C:\Users\given.liang\.conda\envs\quant\Lib\site-packages\pymysql\cursors.py", line 447, in _query
    conn.query(q, unbuffered=True)
  File "C:\Users\given.liang\.conda\envs\quant\Lib\site-packages\pymysql\connections.py", line 575, in query
    self._affected_rows = self._read_query_result(unbuffered=unbuffered)
                          ^^^^^^^^^^^^^^^^^^^^^^^^^^^^^^^^^^^^^^^^^^^^^^
  File "C:\Users\given.liang\.conda\envs\quant\Lib\site-packages\pymysql\connections.py", line 824, in _read_query_result
    result.init_unbuffered_query()
  File "C:\Users\given.liang\.conda\envs\quant\Lib\site-packages\pymysql\connections.py", line 1219, in init_unbuffered_query
    first_packet = self.connection._read_packet()
                   ^^^^^^^^^^^^^^^^^^^^^^^^^^^^^^
  File "C:\Users\given.liang\.conda\envs\quant\Lib\site-packages\pymysql\connections.py", line 782, in _read_packet
    packet.raise_for_error()
  File "C:\Users\given.liang\.conda\envs\quant\Lib\site-packages\pymysql\protocol.py", line 219, in raise_for_error
    err.raise_mysql_exception(self._data)
  File "C:\Users\given.liang\.conda\envs\quant\Lib\site-packages\pymysql\err.py", line 150, in raise_mysql_exception
    raise errorclass(errno, errval)
sqlalchemy.exc.ProgrammingError: (pymysql.err.ProgrammingError) (1064, "You have an error in your SQL syntax; check the manual that corresponds to your MySQL server version for the right syntax to use near 'FROM NI_News WHERE TRADE_DATE >= '20240101' AND TRADE_DATE <= '20241231'' at line 1")
[SQL: SELECT  FROM NI_News WHERE TRADE_DATE >= %s AND TRADE_DATE <= %s]
[parameters: ('20240101', '20241231')]
(Background on this error at: https://sqlalche.me/e/20/f405)

The above exception was the direct cause of the following exception:

Traceback (most recent call last):
  File "D:\jinfuziquant\utils\data_fetcher_edict.py", line 240, in fetch_table_to_csv
    chunks = pd.read_sql(
             ^^^^^^^^^^^^
  File "C:\Users\given.liang\.conda\envs\quant\Lib\site-packages\pandas\io\sql.py", line 730, in read_sql
    return pandas_sql.read_query(
           ^^^^^^^^^^^^^^^^^^^^^^
  File "C:\Users\given.liang\.conda\envs\quant\Lib\site-packages\pandas\io\sql.py", line 1856, in read_query
    result = self.execute(sql, params)
             ^^^^^^^^^^^^^^^^^^^^^^^^^
  File "C:\Users\given.liang\.conda\envs\quant\Lib\site-packages\pandas\io\sql.py", line 1681, in execute
    raise DatabaseError(f"Execution failed on sql '{sql}': {exc}") from exc
pandas.errors.DatabaseError: Execution failed on sql 'SELECT  FROM NI_News WHERE TRADE_DATE >= %s AND TRADE_DATE <= %s': (pymysql.err.ProgrammingError) (1064, "You have an error in your SQL syntax; check the manual that corresponds to your MySQL server version for the right syntax to use near 'FROM NI_News WHERE TRADE_DATE >= '20240101' AND TRADE_DATE <= '20241231'' at line 1")
[SQL: SELECT  FROM NI_News WHERE TRADE_DATE >= %s AND TRADE_DATE <= %s]
[parameters: ('20240101', '20241231')]
(Background on this error at: https://sqlalche.me/e/20/f405)

2026-02-10 15:14:04,419 - DataFetcher - INFO - 数据库连接创建成功
2026-02-10 15:14:04,419 - DataFetcher - INFO - 开始下载表: NI_News
2026-02-10 15:14:04,438 - DataFetcher - WARNING - 以下字段在表 NI_News 中不存在: ['ID', 'InfoPublDate', 'Category', 'InfoTitle']
2026-02-10 15:14:04,438 - DataFetcher - INFO - 执行查询: SELECT  FROM NI_News WHERE TRADE_DATE >= %s AND TRADE_DATE <= %s
2026-02-10 15:14:04,446 - DataFetcher - ERROR - 下载表 NI_News 失败: Execution failed on sql 'SELECT  FROM NI_News WHERE TRADE_DATE >= %s AND TRADE_DATE <= %s': (pymysql.err.ProgrammingError) (1064, "You have an error in your SQL syntax; check the manual that corresponds to your MySQL server version for the right syntax to use near 'FROM NI_News WHERE TRADE_DATE >= '20240101' AND TRADE_DATE <= '20241231'' at line 1")
[SQL: SELECT  FROM NI_News WHERE TRADE_DATE >= %s AND TRADE_DATE <= %s]
[parameters: ('20240101', '20241231')]
(Background on this error at: https://sqlalche.me/e/20/f405)
Traceback (most recent call last):
  File "C:\Users\given.liang\.conda\envs\quant\Lib\site-packages\sqlalchemy\engine\base.py", line 1967, in _exec_single_context
    self.dialect.do_execute(
  File "C:\Users\given.liang\.conda\envs\quant\Lib\site-packages\sqlalchemy\engine\default.py", line 952, in do_execute
    cursor.execute(statement, parameters)
  File "C:\Users\given.liang\.conda\envs\quant\Lib\site-packages\pymysql\cursors.py", line 153, in execute
    result = self._query(query)
             ^^^^^^^^^^^^^^^^^^
  File "C:\Users\given.liang\.conda\envs\quant\Lib\site-packages\pymysql\cursors.py", line 447, in _query
    conn.query(q, unbuffered=True)
  File "C:\Users\given.liang\.conda\envs\quant\Lib\site-packages\pymysql\connections.py", line 575, in query
    self._affected_rows = self._read_query_result(unbuffered=unbuffered)
                          ^^^^^^^^^^^^^^^^^^^^^^^^^^^^^^^^^^^^^^^^^^^^^^
  File "C:\Users\given.liang\.conda\envs\quant\Lib\site-packages\pymysql\connections.py", line 824, in _read_query_result
    result.init_unbuffered_query()
  File "C:\Users\given.liang\.conda\envs\quant\Lib\site-packages\pymysql\connections.py", line 1219, in init_unbuffered_query
    first_packet = self.connection._read_packet()
                   ^^^^^^^^^^^^^^^^^^^^^^^^^^^^^^
  File "C:\Users\given.liang\.conda\envs\quant\Lib\site-packages\pymysql\connections.py", line 782, in _read_packet
    packet.raise_for_error()
  File "C:\Users\given.liang\.conda\envs\quant\Lib\site-packages\pymysql\protocol.py", line 219, in raise_for_error
    err.raise_mysql_exception(self._data)
  File "C:\Users\given.liang\.conda\envs\quant\Lib\site-packages\pymysql\err.py", line 150, in raise_mysql_exception
    raise errorclass(errno, errval)
pymysql.err.ProgrammingError: (1064, "You have an error in your SQL syntax; check the manual that corresponds to your MySQL server version for the right syntax to use near 'FROM NI_News WHERE TRADE_DATE >= '20240101' AND TRADE_DATE <= '20241231'' at line 1")

The above exception was the direct cause of the following exception:

Traceback (most recent call last):
  File "C:\Users\given.liang\.conda\envs\quant\Lib\site-packages\pandas\io\sql.py", line 1679, in execute
    return execute_function(sql, *args)
           ^^^^^^^^^^^^^^^^^^^^^^^^^^^^
  File "C:\Users\given.liang\.conda\envs\quant\Lib\site-packages\sqlalchemy\engine\base.py", line 1779, in exec_driver_sql
    ret = self._execute_context(
          ^^^^^^^^^^^^^^^^^^^^^^
  File "C:\Users\given.liang\.conda\envs\quant\Lib\site-packages\sqlalchemy\engine\base.py", line 1846, in _execute_context
    return self._exec_single_context(
           ^^^^^^^^^^^^^^^^^^^^^^^^^^
  File "C:\Users\given.liang\.conda\envs\quant\Lib\site-packages\sqlalchemy\engine\base.py", line 1986, in _exec_single_context
    self._handle_dbapi_exception(
  File "C:\Users\given.liang\.conda\envs\quant\Lib\site-packages\sqlalchemy\engine\base.py", line 2363, in _handle_dbapi_exception
    raise sqlalchemy_exception.with_traceback(exc_info[2]) from e
  File "C:\Users\given.liang\.conda\envs\quant\Lib\site-packages\sqlalchemy\engine\base.py", line 1967, in _exec_single_context
    self.dialect.do_execute(
  File "C:\Users\given.liang\.conda\envs\quant\Lib\site-packages\sqlalchemy\engine\default.py", line 952, in do_execute
    cursor.execute(statement, parameters)
  File "C:\Users\given.liang\.conda\envs\quant\Lib\site-packages\pymysql\cursors.py", line 153, in execute
    result = self._query(query)
             ^^^^^^^^^^^^^^^^^^
  File "C:\Users\given.liang\.conda\envs\quant\Lib\site-packages\pymysql\cursors.py", line 447, in _query
    conn.query(q, unbuffered=True)
  File "C:\Users\given.liang\.conda\envs\quant\Lib\site-packages\pymysql\connections.py", line 575, in query
    self._affected_rows = self._read_query_result(unbuffered=unbuffered)
                          ^^^^^^^^^^^^^^^^^^^^^^^^^^^^^^^^^^^^^^^^^^^^^^
  File "C:\Users\given.liang\.conda\envs\quant\Lib\site-packages\pymysql\connections.py", line 824, in _read_query_result
    result.init_unbuffered_query()
  File "C:\Users\given.liang\.conda\envs\quant\Lib\site-packages\pymysql\connections.py", line 1219, in init_unbuffered_query
    first_packet = self.connection._read_packet()
                   ^^^^^^^^^^^^^^^^^^^^^^^^^^^^^^
  File "C:\Users\given.liang\.conda\envs\quant\Lib\site-packages\pymysql\connections.py", line 782, in _read_packet
    packet.raise_for_error()
  File "C:\Users\given.liang\.conda\envs\quant\Lib\site-packages\pymysql\protocol.py", line 219, in raise_for_error
    err.raise_mysql_exception(self._data)
  File "C:\Users\given.liang\.conda\envs\quant\Lib\site-packages\pymysql\err.py", line 150, in raise_mysql_exception
    raise errorclass(errno, errval)
sqlalchemy.exc.ProgrammingError: (pymysql.err.ProgrammingError) (1064, "You have an error in your SQL syntax; check the manual that corresponds to your MySQL server version for the right syntax to use near 'FROM NI_News WHERE TRADE_DATE >= '20240101' AND TRADE_DATE <= '20241231'' at line 1")
[SQL: SELECT  FROM NI_News WHERE TRADE_DATE >= %s AND TRADE_DATE <= %s]
[parameters: ('20240101', '20241231')]
(Background on this error at: https://sqlalche.me/e/20/f405)

The above exception was the direct cause of the following exception:

Traceback (most recent call last):
  File "D:\jinfuziquant\utils\data_fetcher_edict.py", line 240, in fetch_table_to_csv
    chunks = pd.read_sql(
             ^^^^^^^^^^^^
  File "C:\Users\given.liang\.conda\envs\quant\Lib\site-packages\pandas\io\sql.py", line 730, in read_sql
    return pandas_sql.read_query(
           ^^^^^^^^^^^^^^^^^^^^^^
  File "C:\Users\given.liang\.conda\envs\quant\Lib\site-packages\pandas\io\sql.py", line 1856, in read_query
    result = self.execute(sql, params)
             ^^^^^^^^^^^^^^^^^^^^^^^^^
  File "C:\Users\given.liang\.conda\envs\quant\Lib\site-packages\pandas\io\sql.py", line 1681, in execute
    raise DatabaseError(f"Execution failed on sql '{sql}': {exc}") from exc
pandas.errors.DatabaseError: Execution failed on sql 'SELECT  FROM NI_News WHERE TRADE_DATE >= %s AND TRADE_DATE <= %s': (pymysql.err.ProgrammingError) (1064, "You have an error in your SQL syntax; check the manual that corresponds to your MySQL server version for the right syntax to use near 'FROM NI_News WHERE TRADE_DATE >= '20240101' AND TRADE_DATE <= '20241231'' at line 1")
[SQL: SELECT  FROM NI_News WHERE TRADE_DATE >= %s AND TRADE_DATE <= %s]
[parameters: ('20240101', '20241231')]
(Background on this error at: https://sqlalche.me/e/20/f405)

2026-02-10 15:14:58,775 - DataFetcher - INFO - 数据库连接创建成功
2026-02-10 15:14:58,775 - DataFetcher - INFO - 开始下载表: NI_News
2026-02-10 15:14:58,793 - DataFetcher - WARNING - 以下字段在表 NI_News 中不存在: ['ID', 'InfoPublDate', 'Category', 'InfoTitle']
2026-02-10 15:14:58,793 - DataFetcher - INFO - 执行查询: SELECT  FROM NI_News WHERE TRADE_DATE >= %s AND TRADE_DATE <= %s
2026-02-10 15:14:58,802 - DataFetcher - ERROR - 下载表 NI_News 失败: Execution failed on sql 'SELECT  FROM NI_News WHERE TRADE_DATE >= %s AND TRADE_DATE <= %s': (pymysql.err.ProgrammingError) (1064, "You have an error in your SQL syntax; check the manual that corresponds to your MySQL server version for the right syntax to use near 'FROM NI_News WHERE TRADE_DATE >= '20240101' AND TRADE_DATE <= '20241231'' at line 1")
[SQL: SELECT  FROM NI_News WHERE TRADE_DATE >= %s AND TRADE_DATE <= %s]
[parameters: ('20240101', '20241231')]
(Background on this error at: https://sqlalche.me/e/20/f405)
Traceback (most recent call last):
  File "C:\Users\given.liang\.conda\envs\quant\Lib\site-packages\sqlalchemy\engine\base.py", line 1967, in _exec_single_context
    self.dialect.do_execute(
  File "C:\Users\given.liang\.conda\envs\quant\Lib\site-packages\sqlalchemy\engine\default.py", line 952, in do_execute
    cursor.execute(statement, parameters)
  File "C:\Users\given.liang\.conda\envs\quant\Lib\site-packages\pymysql\cursors.py", line 153, in execute
    result = self._query(query)
             ^^^^^^^^^^^^^^^^^^
  File "C:\Users\given.liang\.conda\envs\quant\Lib\site-packages\pymysql\cursors.py", line 447, in _query
    conn.query(q, unbuffered=True)
  File "C:\Users\given.liang\.conda\envs\quant\Lib\site-packages\pymysql\connections.py", line 575, in query
    self._affected_rows = self._read_query_result(unbuffered=unbuffered)
                          ^^^^^^^^^^^^^^^^^^^^^^^^^^^^^^^^^^^^^^^^^^^^^^
  File "C:\Users\given.liang\.conda\envs\quant\Lib\site-packages\pymysql\connections.py", line 824, in _read_query_result
    result.init_unbuffered_query()
  File "C:\Users\given.liang\.conda\envs\quant\Lib\site-packages\pymysql\connections.py", line 1219, in init_unbuffered_query
    first_packet = self.connection._read_packet()
                   ^^^^^^^^^^^^^^^^^^^^^^^^^^^^^^
  File "C:\Users\given.liang\.conda\envs\quant\Lib\site-packages\pymysql\connections.py", line 782, in _read_packet
    packet.raise_for_error()
  File "C:\Users\given.liang\.conda\envs\quant\Lib\site-packages\pymysql\protocol.py", line 219, in raise_for_error
    err.raise_mysql_exception(self._data)
  File "C:\Users\given.liang\.conda\envs\quant\Lib\site-packages\pymysql\err.py", line 150, in raise_mysql_exception
    raise errorclass(errno, errval)
pymysql.err.ProgrammingError: (1064, "You have an error in your SQL syntax; check the manual that corresponds to your MySQL server version for the right syntax to use near 'FROM NI_News WHERE TRADE_DATE >= '20240101' AND TRADE_DATE <= '20241231'' at line 1")

The above exception was the direct cause of the following exception:

Traceback (most recent call last):
  File "C:\Users\given.liang\.conda\envs\quant\Lib\site-packages\pandas\io\sql.py", line 1679, in execute
    return execute_function(sql, *args)
           ^^^^^^^^^^^^^^^^^^^^^^^^^^^^
  File "C:\Users\given.liang\.conda\envs\quant\Lib\site-packages\sqlalchemy\engine\base.py", line 1779, in exec_driver_sql
    ret = self._execute_context(
          ^^^^^^^^^^^^^^^^^^^^^^
  File "C:\Users\given.liang\.conda\envs\quant\Lib\site-packages\sqlalchemy\engine\base.py", line 1846, in _execute_context
    return self._exec_single_context(
           ^^^^^^^^^^^^^^^^^^^^^^^^^^
  File "C:\Users\given.liang\.conda\envs\quant\Lib\site-packages\sqlalchemy\engine\base.py", line 1986, in _exec_single_context
    self._handle_dbapi_exception(
  File "C:\Users\given.liang\.conda\envs\quant\Lib\site-packages\sqlalchemy\engine\base.py", line 2363, in _handle_dbapi_exception
    raise sqlalchemy_exception.with_traceback(exc_info[2]) from e
  File "C:\Users\given.liang\.conda\envs\quant\Lib\site-packages\sqlalchemy\engine\base.py", line 1967, in _exec_single_context
    self.dialect.do_execute(
  File "C:\Users\given.liang\.conda\envs\quant\Lib\site-packages\sqlalchemy\engine\default.py", line 952, in do_execute
    cursor.execute(statement, parameters)
  File "C:\Users\given.liang\.conda\envs\quant\Lib\site-packages\pymysql\cursors.py", line 153, in execute
    result = self._query(query)
             ^^^^^^^^^^^^^^^^^^
  File "C:\Users\given.liang\.conda\envs\quant\Lib\site-packages\pymysql\cursors.py", line 447, in _query
    conn.query(q, unbuffered=True)
  File "C:\Users\given.liang\.conda\envs\quant\Lib\site-packages\pymysql\connections.py", line 575, in query
    self._affected_rows = self._read_query_result(unbuffered=unbuffered)
                          ^^^^^^^^^^^^^^^^^^^^^^^^^^^^^^^^^^^^^^^^^^^^^^
  File "C:\Users\given.liang\.conda\envs\quant\Lib\site-packages\pymysql\connections.py", line 824, in _read_query_result
    result.init_unbuffered_query()
  File "C:\Users\given.liang\.conda\envs\quant\Lib\site-packages\pymysql\connections.py", line 1219, in init_unbuffered_query
    first_packet = self.connection._read_packet()
                   ^^^^^^^^^^^^^^^^^^^^^^^^^^^^^^
  File "C:\Users\given.liang\.conda\envs\quant\Lib\site-packages\pymysql\connections.py", line 782, in _read_packet
    packet.raise_for_error()
  File "C:\Users\given.liang\.conda\envs\quant\Lib\site-packages\pymysql\protocol.py", line 219, in raise_for_error
    err.raise_mysql_exception(self._data)
  File "C:\Users\given.liang\.conda\envs\quant\Lib\site-packages\pymysql\err.py", line 150, in raise_mysql_exception
    raise errorclass(errno, errval)
sqlalchemy.exc.ProgrammingError: (pymysql.err.ProgrammingError) (1064, "You have an error in your SQL syntax; check the manual that corresponds to your MySQL server version for the right syntax to use near 'FROM NI_News WHERE TRADE_DATE >= '20240101' AND TRADE_DATE <= '20241231'' at line 1")
[SQL: SELECT  FROM NI_News WHERE TRADE_DATE >= %s AND TRADE_DATE <= %s]
[parameters: ('20240101', '20241231')]
(Background on this error at: https://sqlalche.me/e/20/f405)

The above exception was the direct cause of the following exception:

Traceback (most recent call last):
  File "D:\jinfuziquant\utils\data_fetcher_edict.py", line 240, in fetch_table_to_csv
    chunks = pd.read_sql(
             ^^^^^^^^^^^^
  File "C:\Users\given.liang\.conda\envs\quant\Lib\site-packages\pandas\io\sql.py", line 730, in read_sql
    return pandas_sql.read_query(
           ^^^^^^^^^^^^^^^^^^^^^^
  File "C:\Users\given.liang\.conda\envs\quant\Lib\site-packages\pandas\io\sql.py", line 1856, in read_query
    result = self.execute(sql, params)
             ^^^^^^^^^^^^^^^^^^^^^^^^^
  File "C:\Users\given.liang\.conda\envs\quant\Lib\site-packages\pandas\io\sql.py", line 1681, in execute
    raise DatabaseError(f"Execution failed on sql '{sql}': {exc}") from exc
pandas.errors.DatabaseError: Execution failed on sql 'SELECT  FROM NI_News WHERE TRADE_DATE >= %s AND TRADE_DATE <= %s': (pymysql.err.ProgrammingError) (1064, "You have an error in your SQL syntax; check the manual that corresponds to your MySQL server version for the right syntax to use near 'FROM NI_News WHERE TRADE_DATE >= '20240101' AND TRADE_DATE <= '20241231'' at line 1")
[SQL: SELECT  FROM NI_News WHERE TRADE_DATE >= %s AND TRADE_DATE <= %s]
[parameters: ('20240101', '20241231')]
(Background on this error at: https://sqlalche.me/e/20/f405)

2026-02-10 15:19:27,891 - DataFetcher - INFO - 数据库连接创建成功
2026-02-10 15:19:27,892 - DataFetcher - INFO - 开始下载表: NI_News
2026-02-10 15:19:27,909 - DataFetcher - WARNING - 以下字段在表 NI_News 中不存在: ['ID', 'InfoPublDate', 'Category', 'InfoTitle']
2026-02-10 15:19:27,910 - DataFetcher - INFO - 执行查询: SELECT  FROM NI_News WHERE TRADE_DATE >= %s AND TRADE_DATE <= %s
2026-02-10 15:19:27,918 - DataFetcher - ERROR - 下载表 NI_News 失败: Execution failed on sql 'SELECT  FROM NI_News WHERE TRADE_DATE >= %s AND TRADE_DATE <= %s': (pymysql.err.ProgrammingError) (1064, "You have an error in your SQL syntax; check the manual that corresponds to your MySQL server version for the right syntax to use near 'FROM NI_News WHERE TRADE_DATE >= '20240101' AND TRADE_DATE <= '20241231'' at line 1")
[SQL: SELECT  FROM NI_News WHERE TRADE_DATE >= %s AND TRADE_DATE <= %s]
[parameters: ('20240101', '20241231')]
(Background on this error at: https://sqlalche.me/e/20/f405)
Traceback (most recent call last):
  File "C:\Users\given.liang\.conda\envs\quant\Lib\site-packages\sqlalchemy\engine\base.py", line 1967, in _exec_single_context
    self.dialect.do_execute(
  File "C:\Users\given.liang\.conda\envs\quant\Lib\site-packages\sqlalchemy\engine\default.py", line 952, in do_execute
    cursor.execute(statement, parameters)
  File "C:\Users\given.liang\.conda\envs\quant\Lib\site-packages\pymysql\cursors.py", line 153, in execute
    result = self._query(query)
             ^^^^^^^^^^^^^^^^^^
  File "C:\Users\given.liang\.conda\envs\quant\Lib\site-packages\pymysql\cursors.py", line 447, in _query
    conn.query(q, unbuffered=True)
  File "C:\Users\given.liang\.conda\envs\quant\Lib\site-packages\pymysql\connections.py", line 575, in query
    self._affected_rows = self._read_query_result(unbuffered=unbuffered)
                          ^^^^^^^^^^^^^^^^^^^^^^^^^^^^^^^^^^^^^^^^^^^^^^
  File "C:\Users\given.liang\.conda\envs\quant\Lib\site-packages\pymysql\connections.py", line 824, in _read_query_result
    result.init_unbuffered_query()
  File "C:\Users\given.liang\.conda\envs\quant\Lib\site-packages\pymysql\connections.py", line 1219, in init_unbuffered_query
    first_packet = self.connection._read_packet()
                   ^^^^^^^^^^^^^^^^^^^^^^^^^^^^^^
  File "C:\Users\given.liang\.conda\envs\quant\Lib\site-packages\pymysql\connections.py", line 782, in _read_packet
    packet.raise_for_error()
  File "C:\Users\given.liang\.conda\envs\quant\Lib\site-packages\pymysql\protocol.py", line 219, in raise_for_error
    err.raise_mysql_exception(self._data)
  File "C:\Users\given.liang\.conda\envs\quant\Lib\site-packages\pymysql\err.py", line 150, in raise_mysql_exception
    raise errorclass(errno, errval)
pymysql.err.ProgrammingError: (1064, "You have an error in your SQL syntax; check the manual that corresponds to your MySQL server version for the right syntax to use near 'FROM NI_News WHERE TRADE_DATE >= '20240101' AND TRADE_DATE <= '20241231'' at line 1")

The above exception was the direct cause of the following exception:

Traceback (most recent call last):
  File "C:\Users\given.liang\.conda\envs\quant\Lib\site-packages\pandas\io\sql.py", line 1679, in execute
    return execute_function(sql, *args)
           ^^^^^^^^^^^^^^^^^^^^^^^^^^^^
  File "C:\Users\given.liang\.conda\envs\quant\Lib\site-packages\sqlalchemy\engine\base.py", line 1779, in exec_driver_sql
    ret = self._execute_context(
          ^^^^^^^^^^^^^^^^^^^^^^
  File "C:\Users\given.liang\.conda\envs\quant\Lib\site-packages\sqlalchemy\engine\base.py", line 1846, in _execute_context
    return self._exec_single_context(
           ^^^^^^^^^^^^^^^^^^^^^^^^^^
  File "C:\Users\given.liang\.conda\envs\quant\Lib\site-packages\sqlalchemy\engine\base.py", line 1986, in _exec_single_context
    self._handle_dbapi_exception(
  File "C:\Users\given.liang\.conda\envs\quant\Lib\site-packages\sqlalchemy\engine\base.py", line 2363, in _handle_dbapi_exception
    raise sqlalchemy_exception.with_traceback(exc_info[2]) from e
  File "C:\Users\given.liang\.conda\envs\quant\Lib\site-packages\sqlalchemy\engine\base.py", line 1967, in _exec_single_context
    self.dialect.do_execute(
  File "C:\Users\given.liang\.conda\envs\quant\Lib\site-packages\sqlalchemy\engine\default.py", line 952, in do_execute
    cursor.execute(statement, parameters)
  File "C:\Users\given.liang\.conda\envs\quant\Lib\site-packages\pymysql\cursors.py", line 153, in execute
    result = self._query(query)
             ^^^^^^^^^^^^^^^^^^
  File "C:\Users\given.liang\.conda\envs\quant\Lib\site-packages\pymysql\cursors.py", line 447, in _query
    conn.query(q, unbuffered=True)
  File "C:\Users\given.liang\.conda\envs\quant\Lib\site-packages\pymysql\connections.py", line 575, in query
    self._affected_rows = self._read_query_result(unbuffered=unbuffered)
                          ^^^^^^^^^^^^^^^^^^^^^^^^^^^^^^^^^^^^^^^^^^^^^^
  File "C:\Users\given.liang\.conda\envs\quant\Lib\site-packages\pymysql\connections.py", line 824, in _read_query_result
    result.init_unbuffered_query()
  File "C:\Users\given.liang\.conda\envs\quant\Lib\site-packages\pymysql\connections.py", line 1219, in init_unbuffered_query
    first_packet = self.connection._read_packet()
                   ^^^^^^^^^^^^^^^^^^^^^^^^^^^^^^
  File "C:\Users\given.liang\.conda\envs\quant\Lib\site-packages\pymysql\connections.py", line 782, in _read_packet
    packet.raise_for_error()
  File "C:\Users\given.liang\.conda\envs\quant\Lib\site-packages\pymysql\protocol.py", line 219, in raise_for_error
    err.raise_mysql_exception(self._data)
  File "C:\Users\given.liang\.conda\envs\quant\Lib\site-packages\pymysql\err.py", line 150, in raise_mysql_exception
    raise errorclass(errno, errval)
sqlalchemy.exc.ProgrammingError: (pymysql.err.ProgrammingError) (1064, "You have an error in your SQL syntax; check the manual that corresponds to your MySQL server version for the right syntax to use near 'FROM NI_News WHERE TRADE_DATE >= '20240101' AND TRADE_DATE <= '20241231'' at line 1")
[SQL: SELECT  FROM NI_News WHERE TRADE_DATE >= %s AND TRADE_DATE <= %s]
[parameters: ('20240101', '20241231')]
(Background on this error at: https://sqlalche.me/e/20/f405)

The above exception was the direct cause of the following exception:

Traceback (most recent call last):
  File "D:\jinfuziquant\utils\data_fetcher_edict.py", line 240, in fetch_table_to_csv
    chunks = pd.read_sql(
             ^^^^^^^^^^^^
  File "C:\Users\given.liang\.conda\envs\quant\Lib\site-packages\pandas\io\sql.py", line 730, in read_sql
    return pandas_sql.read_query(
           ^^^^^^^^^^^^^^^^^^^^^^
  File "C:\Users\given.liang\.conda\envs\quant\Lib\site-packages\pandas\io\sql.py", line 1856, in read_query
    result = self.execute(sql, params)
             ^^^^^^^^^^^^^^^^^^^^^^^^^
  File "C:\Users\given.liang\.conda\envs\quant\Lib\site-packages\pandas\io\sql.py", line 1681, in execute
    raise DatabaseError(f"Execution failed on sql '{sql}': {exc}") from exc
pandas.errors.DatabaseError: Execution failed on sql 'SELECT  FROM NI_News WHERE TRADE_DATE >= %s AND TRADE_DATE <= %s': (pymysql.err.ProgrammingError) (1064, "You have an error in your SQL syntax; check the manual that corresponds to your MySQL server version for the right syntax to use near 'FROM NI_News WHERE TRADE_DATE >= '20240101' AND TRADE_DATE <= '20241231'' at line 1")
[SQL: SELECT  FROM NI_News WHERE TRADE_DATE >= %s AND TRADE_DATE <= %s]
[parameters: ('20240101', '20241231')]
(Background on this error at: https://sqlalche.me/e/20/f405)

2026-02-10 15:20:13,713 - DataFetcher - INFO - 数据库连接创建成功
2026-02-10 15:20:13,713 - DataFetcher - INFO - 开始下载表: NI_News
2026-02-10 15:20:13,727 - DataFetcher - WARNING - 以下字段在表 NI_News 中不存在: ['ID', 'InfoPublDate', 'Category', 'InfoTitle']
2026-02-10 15:20:13,728 - DataFetcher - INFO - 执行查询: SELECT  FROM NI_News WHERE TRADE_DATE >= %s AND TRADE_DATE <= %s
2026-02-10 15:20:13,735 - DataFetcher - ERROR - 下载表 NI_News 失败: Execution failed on sql 'SELECT  FROM NI_News WHERE TRADE_DATE >= %s AND TRADE_DATE <= %s': (pymysql.err.ProgrammingError) (1064, "You have an error in your SQL syntax; check the manual that corresponds to your MySQL server version for the right syntax to use near 'FROM NI_News WHERE TRADE_DATE >= '20240101' AND TRADE_DATE <= '20241231'' at line 1")
[SQL: SELECT  FROM NI_News WHERE TRADE_DATE >= %s AND TRADE_DATE <= %s]
[parameters: ('20240101', '20241231')]
(Background on this error at: https://sqlalche.me/e/20/f405)
Traceback (most recent call last):
  File "C:\Users\given.liang\.conda\envs\quant\Lib\site-packages\sqlalchemy\engine\base.py", line 1967, in _exec_single_context
    self.dialect.do_execute(
  File "C:\Users\given.liang\.conda\envs\quant\Lib\site-packages\sqlalchemy\engine\default.py", line 952, in do_execute
    cursor.execute(statement, parameters)
  File "C:\Users\given.liang\.conda\envs\quant\Lib\site-packages\pymysql\cursors.py", line 153, in execute
    result = self._query(query)
             ^^^^^^^^^^^^^^^^^^
  File "C:\Users\given.liang\.conda\envs\quant\Lib\site-packages\pymysql\cursors.py", line 447, in _query
    conn.query(q, unbuffered=True)
  File "C:\Users\given.liang\.conda\envs\quant\Lib\site-packages\pymysql\connections.py", line 575, in query
    self._affected_rows = self._read_query_result(unbuffered=unbuffered)
                          ^^^^^^^^^^^^^^^^^^^^^^^^^^^^^^^^^^^^^^^^^^^^^^
  File "C:\Users\given.liang\.conda\envs\quant\Lib\site-packages\pymysql\connections.py", line 824, in _read_query_result
    result.init_unbuffered_query()
  File "C:\Users\given.liang\.conda\envs\quant\Lib\site-packages\pymysql\connections.py", line 1219, in init_unbuffered_query
    first_packet = self.connection._read_packet()
                   ^^^^^^^^^^^^^^^^^^^^^^^^^^^^^^
  File "C:\Users\given.liang\.conda\envs\quant\Lib\site-packages\pymysql\connections.py", line 782, in _read_packet
    packet.raise_for_error()
  File "C:\Users\given.liang\.conda\envs\quant\Lib\site-packages\pymysql\protocol.py", line 219, in raise_for_error
    err.raise_mysql_exception(self._data)
  File "C:\Users\given.liang\.conda\envs\quant\Lib\site-packages\pymysql\err.py", line 150, in raise_mysql_exception
    raise errorclass(errno, errval)
pymysql.err.ProgrammingError: (1064, "You have an error in your SQL syntax; check the manual that corresponds to your MySQL server version for the right syntax to use near 'FROM NI_News WHERE TRADE_DATE >= '20240101' AND TRADE_DATE <= '20241231'' at line 1")

The above exception was the direct cause of the following exception:

Traceback (most recent call last):
  File "C:\Users\given.liang\.conda\envs\quant\Lib\site-packages\pandas\io\sql.py", line 1679, in execute
    return execute_function(sql, *args)
           ^^^^^^^^^^^^^^^^^^^^^^^^^^^^
  File "C:\Users\given.liang\.conda\envs\quant\Lib\site-packages\sqlalchemy\engine\base.py", line 1779, in exec_driver_sql
    ret = self._execute_context(
          ^^^^^^^^^^^^^^^^^^^^^^
  File "C:\Users\given.liang\.conda\envs\quant\Lib\site-packages\sqlalchemy\engine\base.py", line 1846, in _execute_context
    return self._exec_single_context(
           ^^^^^^^^^^^^^^^^^^^^^^^^^^
  File "C:\Users\given.liang\.conda\envs\quant\Lib\site-packages\sqlalchemy\engine\base.py", line 1986, in _exec_single_context
    self._handle_dbapi_exception(
  File "C:\Users\given.liang\.conda\envs\quant\Lib\site-packages\sqlalchemy\engine\base.py", line 2363, in _handle_dbapi_exception
    raise sqlalchemy_exception.with_traceback(exc_info[2]) from e
  File "C:\Users\given.liang\.conda\envs\quant\Lib\site-packages\sqlalchemy\engine\base.py", line 1967, in _exec_single_context
    self.dialect.do_execute(
  File "C:\Users\given.liang\.conda\envs\quant\Lib\site-packages\sqlalchemy\engine\default.py", line 952, in do_execute
    cursor.execute(statement, parameters)
  File "C:\Users\given.liang\.conda\envs\quant\Lib\site-packages\pymysql\cursors.py", line 153, in execute
    result = self._query(query)
             ^^^^^^^^^^^^^^^^^^
  File "C:\Users\given.liang\.conda\envs\quant\Lib\site-packages\pymysql\cursors.py", line 447, in _query
    conn.query(q, unbuffered=True)
  File "C:\Users\given.liang\.conda\envs\quant\Lib\site-packages\pymysql\connections.py", line 575, in query
    self._affected_rows = self._read_query_result(unbuffered=unbuffered)
                          ^^^^^^^^^^^^^^^^^^^^^^^^^^^^^^^^^^^^^^^^^^^^^^
  File "C:\Users\given.liang\.conda\envs\quant\Lib\site-packages\pymysql\connections.py", line 824, in _read_query_result
    result.init_unbuffered_query()
  File "C:\Users\given.liang\.conda\envs\quant\Lib\site-packages\pymysql\connections.py", line 1219, in init_unbuffered_query
    first_packet = self.connection._read_packet()
                   ^^^^^^^^^^^^^^^^^^^^^^^^^^^^^^
  File "C:\Users\given.liang\.conda\envs\quant\Lib\site-packages\pymysql\connections.py", line 782, in _read_packet
    packet.raise_for_error()
  File "C:\Users\given.liang\.conda\envs\quant\Lib\site-packages\pymysql\protocol.py", line 219, in raise_for_error
    err.raise_mysql_exception(self._data)
  File "C:\Users\given.liang\.conda\envs\quant\Lib\site-packages\pymysql\err.py", line 150, in raise_mysql_exception
    raise errorclass(errno, errval)
sqlalchemy.exc.ProgrammingError: (pymysql.err.ProgrammingError) (1064, "You have an error in your SQL syntax; check the manual that corresponds to your MySQL server version for the right syntax to use near 'FROM NI_News WHERE TRADE_DATE >= '20240101' AND TRADE_DATE <= '20241231'' at line 1")
[SQL: SELECT  FROM NI_News WHERE TRADE_DATE >= %s AND TRADE_DATE <= %s]
[parameters: ('20240101', '20241231')]
(Background on this error at: https://sqlalche.me/e/20/f405)

The above exception was the direct cause of the following exception:

Traceback (most recent call last):
  File "D:\jinfuziquant\utils\data_fetcher_edict.py", line 240, in fetch_table_to_csv
    chunks = pd.read_sql(
             ^^^^^^^^^^^^
  File "C:\Users\given.liang\.conda\envs\quant\Lib\site-packages\pandas\io\sql.py", line 730, in read_sql
    return pandas_sql.read_query(
           ^^^^^^^^^^^^^^^^^^^^^^
  File "C:\Users\given.liang\.conda\envs\quant\Lib\site-packages\pandas\io\sql.py", line 1856, in read_query
    result = self.execute(sql, params)
             ^^^^^^^^^^^^^^^^^^^^^^^^^
  File "C:\Users\given.liang\.conda\envs\quant\Lib\site-packages\pandas\io\sql.py", line 1681, in execute
    raise DatabaseError(f"Execution failed on sql '{sql}': {exc}") from exc
pandas.errors.DatabaseError: Execution failed on sql 'SELECT  FROM NI_News WHERE TRADE_DATE >= %s AND TRADE_DATE <= %s': (pymysql.err.ProgrammingError) (1064, "You have an error in your SQL syntax; check the manual that corresponds to your MySQL server version for the right syntax to use near 'FROM NI_News WHERE TRADE_DATE >= '20240101' AND TRADE_DATE <= '20241231'' at line 1")
[SQL: SELECT  FROM NI_News WHERE TRADE_DATE >= %s AND TRADE_DATE <= %s]
[parameters: ('20240101', '20241231')]
(Background on this error at: https://sqlalche.me/e/20/f405)

2026-02-10 17:24:57,952 - DataFetcher - INFO - 数据库连接创建成功
2026-02-10 17:24:57,953 - DataFetcher - INFO - 从本地读取交易日历数据...
2026-02-10 17:24:58,081 - DataFetcher - INFO - 成功读取本地交易日历数据，日期范围: 1990-12-19 00:00:00 - 2027-12-31 00:00:00
2026-02-10 17:24:58,101 - DataFetcher - INFO - 筛选后的交易日历数据范围: 2020-12-28 00:00:00 - 2026-12-31 00:00:00
2026-02-10 17:24:58,102 - DataFetcher - INFO - 交易日数量: 1458
2026-02-10 17:29:22,415 - DataFetcher - INFO - 数据库连接创建成功
2026-02-10 17:29:22,417 - DataFetcher - INFO - 从本地读取交易日历数据...
2026-02-10 17:29:22,537 - DataFetcher - INFO - 成功读取本地交易日历数据，日期范围: 1990-12-19 00:00:00 - 2027-12-31 00:00:00
2026-02-10 17:29:22,556 - DataFetcher - INFO - 筛选后的交易日历数据范围: 2020-12-28 00:00:00 - 2026-12-31 00:00:00
2026-02-10 17:29:22,556 - DataFetcher - INFO - 交易日数量: 1458
2026-02-11 17:10:51,108 - DataFetcher - INFO - 数据库连接创建成功
2026-02-11 17:10:51,109 - DataFetcher - INFO - 从本地读取交易日历数据...
2026-02-11 17:10:51,234 - DataFetcher - INFO - 成功读取本地交易日历数据，日期范围: 1990-12-19 00:00:00 - 2027-12-31 00:00:00
2026-02-11 17:10:51,256 - DataFetcher - INFO - 筛选后的交易日历数据范围: 2020-12-28 00:00:00 - 2026-12-31 00:00:00
2026-02-11 17:10:51,256 - DataFetcher - INFO - 交易日数量: 1458
2026-02-11 17:14:52,596 - DataFetcher - INFO - 数据库连接创建成功
2026-02-11 17:14:52,596 - DataFetcher - INFO - 从本地读取交易日历数据...
2026-02-11 17:14:52,720 - DataFetcher - INFO - 成功读取本地交易日历数据，日期范围: 1990-12-19 00:00:00 - 2027-12-31 00:00:00
2026-02-11 17:14:52,736 - DataFetcher - INFO - 筛选后的交易日历数据范围: 2020-12-28 00:00:00 - 2026-12-31 00:00:00
2026-02-11 17:14:52,737 - DataFetcher - INFO - 交易日数量: 1458
2026-02-12 16:45:13,484 - DataFetcher - INFO - 数据库连接创建成功
2026-02-12 16:45:13,485 - DataFetcher - INFO - 从本地读取交易日历数据...
2026-02-12 16:45:13,606 - DataFetcher - INFO - 成功读取本地交易日历数据，日期范围: 1990-12-19 00:00:00 - 2027-12-31 00:00:00
2026-02-12 16:45:13,625 - DataFetcher - INFO - 筛选后的交易日历数据范围: 2020-12-28 00:00:00 - 2026-12-31 00:00:00
2026-02-12 16:45:13,626 - DataFetcher - INFO - 交易日数量: 1458
2026-02-12 16:46:23,049 - DataFetcher - INFO - 数据库连接创建成功
2026-02-12 16:46:23,050 - DataFetcher - INFO - 从本地读取交易日历数据...
2026-02-12 16:46:23,218 - DataFetcher - INFO - 成功读取本地交易日历数据，日期范围: 1990-12-19 00:00:00 - 2027-12-31 00:00:00
2026-02-12 16:46:23,233 - DataFetcher - INFO - 筛选后的交易日历数据范围: 2020-12-28 00:00:00 - 2026-12-31 00:00:00
2026-02-12 16:46:23,234 - DataFetcher - INFO - 交易日数量: 1458
2026-02-12 18:07:42,277 - DataFetcher - INFO - 数据库连接创建成功
2026-02-12 18:07:42,277 - DataFetcher - INFO - 从本地读取交易日历数据...
2026-02-12 18:07:42,393 - DataFetcher - INFO - 成功读取本地交易日历数据，日期范围: 1990-12-19 00:00:00 - 2027-12-31 00:00:00
2026-02-12 18:07:42,412 - DataFetcher - INFO - 筛选后的交易日历数据范围: 2020-12-28 00:00:00 - 2026-12-31 00:00:00
2026-02-12 18:07:42,412 - DataFetcher - INFO - 交易日数量: 1458
